// Jest Snapshot v1, https://goo.gl/fbAQLP

exports[`test expense form component should render the component to match the snapshot 1`] = `ReactWrapper {}`;

exports[`test expense form component should render the component to match the snapshot 2`] = `ReactWrapper {}`;
